JSCompiler_StaticMethods_assoc_BANG_:ve
JSCompiler_StaticMethods_cljs$core$ITransientVector$_assoc_n_BANG_$arity$3:Ad
JSCompiler_StaticMethods_sval:Kc
JSCompiler_prototypeAlias:g
L 0:a
L 1:b
L 10:n
L 11:p
L 12:q
L 13:r
L 14:y
L 15:A
L 16:D
L 17:I
L 18:M
L 19:S
L 2:c
L 20:da
L 21:va
L 22:Ud
L 3:d
L 4:e
L 5:f
L 6:h
L 7:k
L 8:l
L 9:m
cljs$core$ArrayChunk:Mc
cljs$core$ArrayNode:fe
cljs$core$ArrayNodeIterator:je
cljs$core$ArrayNodeSeq:qe
cljs$core$BitmapIndexedNode:be
cljs$core$BitmapIndexedNode$EMPTY:ee
cljs$core$Box:Xd
cljs$core$ChunkBuffer:Lc
cljs$core$ChunkedCons:Nc
cljs$core$ChunkedSeq:wd
cljs$core$Cons:Fc
cljs$core$ES6EntriesIterator:Ed
cljs$core$ES6Iterator:Hb
cljs$core$ES6IteratorSeq:Jb
cljs$core$EmptyList:Ec
cljs$core$HashCollisionNode:ne
cljs$core$HashMapIter:se
cljs$core$IAssociative:Ga
cljs$core$ICollection:ya
cljs$core$ICounted:ta
cljs$core$IEmptyableCollection:wa
cljs$core$IEncodeJS:Le
cljs$core$IIndexed:Aa
cljs$core$IIndexed$_nth$dyn_10421:Ba
cljs$core$IIterable:lb
cljs$core$IKVReduce:Ua
cljs$core$IList:ab
cljs$core$ILookup:Da
cljs$core$ILookup$_lookup$dyn_10427:Fa
cljs$core$IMap:Ja
cljs$core$IMeta:Oa
cljs$core$INext:Ca
cljs$core$IPrintWithWriter:cb
cljs$core$IRecord:bb
cljs$core$IReduce:Ra
cljs$core$IReduce$_reduce$dyn_10444:Ta
cljs$core$ISeqable:Ya
cljs$core$ISequential:$a
cljs$core$ITER_SYMBOL:sa
cljs$core$IVector:Ma
cljs$core$IndexedSeq:K
cljs$core$IndexedSeqIterator:Yb
cljs$core$KeySeq:we
cljs$core$Keyword:H
cljs$core$LazySeq:Jc
cljs$core$List:cc
cljs$core$List$EMPTY:O
cljs$core$MapEntry:Gd
cljs$core$MetaFn:gc
cljs$core$NeverEquiv:Bd
cljs$core$NodeIterator:ae
cljs$core$NodeSeq:oe
cljs$core$PROTOCOL_SENTINEL:u
cljs$core$PersistentArrayMap:ia
cljs$core$PersistentArrayMap$EMPTY:ad
cljs$core$PersistentArrayMap$HASHMAP_THRESHOLD:Nd
cljs$core$PersistentArrayMap$createAsIfByAssoc:fc
cljs$core$PersistentArrayMap$createAsIfByAssocComplexPath:Sd
cljs$core$PersistentArrayMapIterator:Jd
cljs$core$PersistentArrayMapSeq:Id
cljs$core$PersistentHashMap:te
cljs$core$PersistentHashMap$EMPTY:Od
cljs$core$PersistentVector:Y
cljs$core$PersistentVector$EMPTY:bc
cljs$core$PersistentVector$EMPTY_NODE:vd
cljs$core$RangedIterator:nd
cljs$core$Reduced:Ob
cljs$core$StringBufferWriter:nb
cljs$core$Symbol:zb
cljs$core$TransientArrayMap:Md
cljs$core$TransientHashMap:ue
cljs$core$TransientVector:qd
cljs$core$ValSeq:xe
cljs$core$VectorNode:fd
cljs$core$_EQ_:Q
cljs$core$_STAR_print_level_STAR_:fa
cljs$core$__destructure_map:$c
cljs$core$_as_transient:eb
cljs$core$_assoc:Ia
cljs$core$_assoc_BANG_:hb
cljs$core$_chunked_first:jb
cljs$core$_chunked_rest:kb
cljs$core$_clj__GT_js:Me
cljs$core$_conj:za
cljs$core$_conj_BANG_:fb
cljs$core$_contains_key_QMARK_:Ha
cljs$core$_count:ua
cljs$core$_deref:Na
cljs$core$_drop_first:ib
cljs$core$_empty:xa
cljs$core$_equiv:Wa
cljs$core$_first:E
cljs$core$_hash:Xa
cljs$core$_indexOf$cljs$0core$0IFn$0_invoke$0arity$03:R
cljs$core$_iterator:mb
cljs$core$_key:Ka
cljs$core$_kv_reduce:Va
cljs$core$_lastIndexOf$cljs$0core$0IFn$0_invoke$0arity$03:U
cljs$core$_lookup:Ea
cljs$core$_meta:Pa
cljs$core$_nth:C
cljs$core$_persistent_BANG_:gb
cljs$core$_pr_writer:db
cljs$core$_reduce:Sa
cljs$core$_rest:F
cljs$core$_seq:Za
cljs$core$_val:La
cljs$core$_with_meta:Qa
cljs$core$_write:G
cljs$core$aclone:B
cljs$core$apply:hc
cljs$core$apply$cljs$0core$0IFn$0_invoke$0arity$02:Yc
cljs$core$apply$cljs$0core$0IFn$0_invoke$0arity$03:Zc
cljs$core$apply_to:Sc
cljs$core$apply_to_simple$cljs$0core$0IFn$0_invoke$0arity$03:Uc
cljs$core$apply_to_simple$cljs$0core$0IFn$0_invoke$0arity$04:Vc
cljs$core$apply_to_simple$cljs$0core$0IFn$0_invoke$0arity$05:Wc
cljs$core$apply_to_simple$cljs$0core$0IFn$0_invoke$0arity$06:Xc
cljs$core$array_QMARK_:oa
cljs$core$array__GT_transient_hash_map:Wd
cljs$core$array_copy:qc
cljs$core$array_for:ld
cljs$core$array_index_of:Fd
cljs$core$array_reduce$cljs$0core$0IFn$0_invoke$0arity$02:Rb
cljs$core$array_reduce$cljs$0core$0IFn$0_invoke$0arity$03:Sb
cljs$core$array_reduce$cljs$0core$0IFn$0_invoke$0arity$04:Tb
cljs$core$assoc:ec
cljs$core$bit_count:Dc
cljs$core$boolean$0:sc
cljs$core$bounded_count:Qc
cljs$core$char_escapes:Be
cljs$core$chunk_append:Pc
cljs$core$chunk_cons:Oc
cljs$core$chunked_seq:ud
cljs$core$chunked_seq$cljs$0core$0IFn$0_invoke$0arity$04:td
cljs$core$chunked_seq$cljs$0core$0IFn$0_invoke$0arity$05:xd
cljs$core$chunked_seq_QMARK_:pc
cljs$core$clj__GT_js:Oe
cljs$core$clone_and_set$cljs$0core$0IFn$0_invoke$0arity$03:Yd
cljs$core$conj:ac
cljs$core$cons:V
cljs$core$contains_QMARK_:tc
cljs$core$count:T
cljs$core$counted_QMARK_:Ub
cljs$core$create_array_node_seq:le
cljs$core$create_array_node_seq$cljs$0core$0IFn$0_invoke$0arity$01:ke
cljs$core$create_array_node_seq$cljs$0core$0IFn$0_invoke$0arity$03:re
cljs$core$create_inode_seq:de
cljs$core$create_inode_seq$cljs$0core$0IFn$0_invoke$0arity$01:ce
cljs$core$create_inode_seq$cljs$0core$0IFn$0_invoke$0arity$03:pe
cljs$core$create_node:he
cljs$core$create_node$cljs$0core$0IFn$0_invoke$0arity$06:ie
cljs$core$create_node$cljs$0core$0IFn$0_invoke$0arity$07:ge
cljs$core$deref:Qb
cljs$core$do_assoc:md
cljs$core$edit_and_set$cljs$0core$0IFn$0_invoke$0arity$04:Zd
cljs$core$empty_QMARK_:kc
cljs$core$empty_ordered_hash:Lb
cljs$core$empty_unordered_hash:Nb
cljs$core$equiv_map:Dd
cljs$core$equiv_sequential:Zb
cljs$core$es6_iterator:Ib
cljs$core$es6_iterator_seq:Fb
cljs$core$every_QMARK_:cd
cljs$core$filter$cljs$0core$0IFn$0_invoke$0arity$02:dd
cljs$core$first:N
cljs$core$get:Bb
cljs$core$get$cljs$0core$0IFn$0_invoke$0arity$02:Ab
cljs$core$get$cljs$0core$0IFn$0_invoke$0arity$03:Cb
cljs$core$hash:xb
cljs$core$hash_collision_node_find_index:me
cljs$core$hash_combine:yb
cljs$core$hash_ordered_coll:Kb
cljs$core$hash_string:wb
cljs$core$hash_unordered_coll:Mb
cljs$core$identity:Bc
cljs$core$imul:pb
cljs$core$indexed_QMARK_:Vb
cljs$core$inode_kv_reduce:$d
cljs$core$into$cljs$0core$0IFn$0_invoke$0arity$02:ed
cljs$core$iter_reduce$cljs$0core$0IFn$0_invoke$0arity$02:yc
cljs$core$iter_reduce$cljs$0core$0IFn$0_invoke$0arity$03:zc
cljs$core$iterable_QMARK_:Eb
cljs$core$key:Td
cljs$core$key__GT_js$cljs$0core$0IFn$0_invoke$0arity$02:Ne
cljs$core$key_test:Pd
cljs$core$keys:Kd
cljs$core$keyword:Hc
cljs$core$lift_ns:Je
cljs$core$linear_traversal_nth$cljs$0core$0IFn$0_invoke$0arity$03:dc
cljs$core$lookup_sentinel:rc
cljs$core$m3_fmix:sb
cljs$core$m3_hash_unencoded_chars:tb
cljs$core$m3_mix_H1:rb
cljs$core$m3_mix_K1:qb
cljs$core$map:X
cljs$core$map_QMARK_:mc
cljs$core$map_entry_QMARK_:Hd
cljs$core$meta:jc
cljs$core$missing_protocol:x
cljs$core$name:Ic
cljs$core$namespace:Gc
cljs$core$native_satisfies_QMARK_:w
cljs$core$never_equiv:Cd
cljs$core$new_path:id
cljs$core$next:P
cljs$core$next_STAR_:Tc
cljs$core$not:pa
cljs$core$nth:Xb
cljs$core$nth$cljs$0core$0IFn$0_invoke$0arity$02:Wb
cljs$core$nth$cljs$0core$0IFn$0_invoke$0arity$03:W
cljs$core$pam_grow_seed_array:Rd
cljs$core$pam_new_size:Qd
cljs$core$pr_opts:ha
cljs$core$pr_sequential_writer:ye
cljs$core$pr_str_STAR_:ob
cljs$core$pr_writer:Z
cljs$core$pr_writer_impl:Ee
cljs$core$prim_seq$cljs$0core$0IFn$0_invoke$0arity$02:$b
cljs$core$print_map:Fe
cljs$core$print_meta_QMARK_:De
cljs$core$print_prefix_map:Ke
cljs$core$push_tail:jd
cljs$core$pv_fresh_node:gd
cljs$core$pv_reduce$cljs$0core$0IFn$0_invoke$0arity$04:od
cljs$core$pv_reduce$cljs$0core$0IFn$0_invoke$0arity$05:pd
cljs$core$quot:Cc
cljs$core$quote_string:Ce
cljs$core$record_QMARK_:nc
cljs$core$reduce:wc
cljs$core$reduce$cljs$0core$0IFn$0_invoke$0arity$03:vc
cljs$core$reduce_kv:Ac
cljs$core$reduced_QMARK_:Pb
cljs$core$rest:Gb
cljs$core$seq:J
cljs$core$seq_reduce$cljs$0core$0IFn$0_invoke$0arity$02:uc
cljs$core$seq_reduce$cljs$0core$0IFn$0_invoke$0arity$03:xc
cljs$core$sequential_QMARK_:lc
cljs$core$spread:Rc
cljs$core$str:z
cljs$core$string_hash_cache:ub
cljs$core$string_hash_cache_count:vb
cljs$core$strip_ns:Ie
cljs$core$symbol:Db
cljs$core$t_cljs$0core9389:bd
cljs$core$tail_off:hd
cljs$core$truth_:v
cljs$core$tv_editable_root:rd
cljs$core$tv_editable_tail:sd
cljs$core$tv_ensure_editable:yd
cljs$core$tv_push_tail:zd
cljs$core$type:qa
cljs$core$type__GT_str:ra
cljs$core$unchecked_array_for:kd
cljs$core$val:Vd
cljs$core$vals:Ld
cljs$core$vector_QMARK_:oc
cljs$core$with_meta:ic
cljs$core$write_all$cljs$0core$0IFn$0_invoke$0arity$0variadic:Ae
cljs$cst$0$flush_on_newline:ja
cljs$cst$1$readably:ka
cljs$cst$105$more_marker:ze
cljs$cst$106$alt_impl:Ge
cljs$cst$107$fallback_impl:He
cljs$cst$126$keyword_fn:Pe
cljs$cst$2$meta:la
cljs$cst$3$dup:ma
cljs$cst$4$print_length:na
goog$UID_PROPERTY_:aa
goog$string$StringBuffer:ea
goog$typeOf:t
goog$uidCounter_:ba
module$contents$goog$object_getKeys:ca
omni$weapp$pages$index$format_price:Qe
omni$weapp$pages$index$load_featured_products:Se
omni$weapp$pages$index$to_featured_card:Re
