JSCompiler_StaticMethods_assoc_BANG_:re
JSCompiler_StaticMethods_cljs$core$ITransientVector$_assoc_n_BANG_$arity$3:wd
JSCompiler_StaticMethods_sval:Hc
JSCompiler_prototypeAlias:f
L 0:a
L 1:b
L 10:n
L 11:p
L 12:q
L 13:r
L 14:y
L 15:A
L 16:C
L 17:F
L 18:J
L 19:Q
L 2:c
L 20:da
L 21:ua
L 22:Od
L 3:d
L 4:e
L 5:g
L 6:h
L 7:k
L 8:l
L 9:m
cljs$core$ArrayChunk:Jc
cljs$core$ArrayNode:be
cljs$core$ArrayNodeIterator:fe
cljs$core$ArrayNodeSeq:me
cljs$core$BitmapIndexedNode:Yd
cljs$core$BitmapIndexedNode$EMPTY:ae
cljs$core$Box:Td
cljs$core$ChunkBuffer:Ic
cljs$core$ChunkedCons:Kc
cljs$core$ChunkedSeq:sd
cljs$core$Cons:Cc
cljs$core$ES6EntriesIterator:Ad
cljs$core$ES6Iterator:Fb
cljs$core$ES6IteratorSeq:Hb
cljs$core$EmptyList:Bc
cljs$core$HashCollisionNode:je
cljs$core$HashMapIter:oe
cljs$core$IAssociative:Ea
cljs$core$ICollection:wa
cljs$core$ICounted:ra
cljs$core$IEmptyableCollection:ta
cljs$core$IEncodeJS:He
cljs$core$IIndexed:ya
cljs$core$IIndexed$_nth$dyn_16091:za
cljs$core$IIterable:jb
cljs$core$IKVReduce:Sa
cljs$core$IList:Za
cljs$core$ILookup:Ba
cljs$core$ILookup$_lookup$dyn_16097:Da
cljs$core$IMap:Ha
cljs$core$IMeta:Ma
cljs$core$INext:Aa
cljs$core$IPrintWithWriter:ab
cljs$core$IRecord:$a
cljs$core$IReduce:Pa
cljs$core$IReduce$_reduce$dyn_16114:Ra
cljs$core$ISeqable:Wa
cljs$core$ISequential:Ya
cljs$core$ITER_SYMBOL:qa
cljs$core$IVector:Ka
cljs$core$IndexedSeq:M
cljs$core$IndexedSeqIterator:Wb
cljs$core$KeySeq:se
cljs$core$Keyword:I
cljs$core$LazySeq:Gc
cljs$core$List:ac
cljs$core$List$EMPTY:O
cljs$core$MapEntry:Cd
cljs$core$MetaFn:ec
cljs$core$NeverEquiv:xd
cljs$core$NodeIterator:Xd
cljs$core$NodeSeq:ke
cljs$core$PROTOCOL_SENTINEL:u
cljs$core$PersistentArrayMap:ia
cljs$core$PersistentArrayMap$EMPTY:Yc
cljs$core$PersistentArrayMap$HASHMAP_THRESHOLD:Jd
cljs$core$PersistentArrayMap$createAsIfByAssoc:dc
cljs$core$PersistentArrayMap$createAsIfByAssocComplexPath:Pd
cljs$core$PersistentArrayMapIterator:Fd
cljs$core$PersistentArrayMapSeq:Ed
cljs$core$PersistentHashMap:pe
cljs$core$PersistentHashMap$EMPTY:Kd
cljs$core$PersistentVector:Y
cljs$core$PersistentVector$EMPTY:$b
cljs$core$PersistentVector$EMPTY_NODE:rd
cljs$core$RangedIterator:jd
cljs$core$Reduced:Mb
cljs$core$StringBufferWriter:lb
cljs$core$Symbol:xb
cljs$core$TransientArrayMap:Id
cljs$core$TransientHashMap:qe
cljs$core$TransientVector:md
cljs$core$ValSeq:te
cljs$core$VectorNode:bd
cljs$core$_EQ_:R
cljs$core$_STAR_print_level_STAR_:fa
cljs$core$__destructure_map:Xc
cljs$core$_as_transient:cb
cljs$core$_assoc:Ga
cljs$core$_assoc_BANG_:fb
cljs$core$_chunked_first:hb
cljs$core$_chunked_rest:ib
cljs$core$_clj__GT_js:Ie
cljs$core$_conj:xa
cljs$core$_conj_BANG_:db
cljs$core$_contains_key_QMARK_:Fa
cljs$core$_count:sa
cljs$core$_deref:La
cljs$core$_drop_first:gb
cljs$core$_empty:va
cljs$core$_equiv:Ua
cljs$core$_first:E
cljs$core$_hash:Va
cljs$core$_indexOf$cljs$0core$0IFn$0_invoke$0arity$03:S
cljs$core$_iterator:kb
cljs$core$_key:Ia
cljs$core$_kv_reduce:Ta
cljs$core$_lastIndexOf$cljs$0core$0IFn$0_invoke$0arity$03:U
cljs$core$_lookup:Ca
cljs$core$_meta:Na
cljs$core$_nth:D
cljs$core$_persistent_BANG_:eb
cljs$core$_pr_writer:bb
cljs$core$_reduce:Qa
cljs$core$_rest:G
cljs$core$_seq:Xa
cljs$core$_val:Ja
cljs$core$_with_meta:Oa
cljs$core$_write:H
cljs$core$aclone:B
cljs$core$apply:fc
cljs$core$apply$cljs$0core$0IFn$0_invoke$0arity$02:Vc
cljs$core$apply$cljs$0core$0IFn$0_invoke$0arity$03:Wc
cljs$core$apply_to:Pc
cljs$core$apply_to_simple$cljs$0core$0IFn$0_invoke$0arity$03:Rc
cljs$core$apply_to_simple$cljs$0core$0IFn$0_invoke$0arity$04:Sc
cljs$core$apply_to_simple$cljs$0core$0IFn$0_invoke$0arity$05:Tc
cljs$core$apply_to_simple$cljs$0core$0IFn$0_invoke$0arity$06:Uc
cljs$core$array_QMARK_:oa
cljs$core$array__GT_transient_hash_map:Sd
cljs$core$array_copy:nc
cljs$core$array_for:hd
cljs$core$array_index_of:Bd
cljs$core$array_reduce$cljs$0core$0IFn$0_invoke$0arity$02:Pb
cljs$core$array_reduce$cljs$0core$0IFn$0_invoke$0arity$03:Qb
cljs$core$array_reduce$cljs$0core$0IFn$0_invoke$0arity$04:Rb
cljs$core$assoc:cc
cljs$core$bit_count:Ac
cljs$core$boolean$0:pc
cljs$core$bounded_count:Nc
cljs$core$char_escapes:xe
cljs$core$chunk_append:Mc
cljs$core$chunk_cons:Lc
cljs$core$chunked_seq:qd
cljs$core$chunked_seq$cljs$0core$0IFn$0_invoke$0arity$04:pd
cljs$core$chunked_seq$cljs$0core$0IFn$0_invoke$0arity$05:td
cljs$core$chunked_seq_QMARK_:mc
cljs$core$clj__GT_js:Ke
cljs$core$clone_and_set$cljs$0core$0IFn$0_invoke$0arity$03:Ud
cljs$core$conj:Zb
cljs$core$cons:V
cljs$core$contains_QMARK_:qc
cljs$core$count:T
cljs$core$counted_QMARK_:Sb
cljs$core$create_array_node_seq:he
cljs$core$create_array_node_seq$cljs$0core$0IFn$0_invoke$0arity$01:ge
cljs$core$create_array_node_seq$cljs$0core$0IFn$0_invoke$0arity$03:ne
cljs$core$create_inode_seq:$d
cljs$core$create_inode_seq$cljs$0core$0IFn$0_invoke$0arity$01:Zd
cljs$core$create_inode_seq$cljs$0core$0IFn$0_invoke$0arity$03:le
cljs$core$create_node:de
cljs$core$create_node$cljs$0core$0IFn$0_invoke$0arity$06:ee
cljs$core$create_node$cljs$0core$0IFn$0_invoke$0arity$07:ce
cljs$core$deref:Ob
cljs$core$do_assoc:id
cljs$core$edit_and_set$cljs$0core$0IFn$0_invoke$0arity$04:Vd
cljs$core$empty_ordered_hash:Jb
cljs$core$empty_unordered_hash:Lb
cljs$core$equiv_map:zd
cljs$core$equiv_sequential:Xb
cljs$core$es6_iterator:Gb
cljs$core$es6_iterator_seq:Db
cljs$core$every_QMARK_:$c
cljs$core$first:N
cljs$core$get:zb
cljs$core$get$cljs$0core$0IFn$0_invoke$0arity$02:yb
cljs$core$get$cljs$0core$0IFn$0_invoke$0arity$03:Ab
cljs$core$hash:vb
cljs$core$hash_collision_node_find_index:ie
cljs$core$hash_combine:wb
cljs$core$hash_ordered_coll:Ib
cljs$core$hash_string:ub
cljs$core$hash_unordered_coll:Kb
cljs$core$identity:yc
cljs$core$imul:nb
cljs$core$indexed_QMARK_:Tb
cljs$core$inode_kv_reduce:Wd
cljs$core$into$cljs$0core$0IFn$0_invoke$0arity$02:ad
cljs$core$iter_reduce$cljs$0core$0IFn$0_invoke$0arity$02:vc
cljs$core$iter_reduce$cljs$0core$0IFn$0_invoke$0arity$03:wc
cljs$core$iterable_QMARK_:Cb
cljs$core$key:Qd
cljs$core$key__GT_js$cljs$0core$0IFn$0_invoke$0arity$02:Je
cljs$core$key_test:Ld
cljs$core$keys:Gd
cljs$core$keyword:Ec
cljs$core$lift_ns:Fe
cljs$core$linear_traversal_nth$cljs$0core$0IFn$0_invoke$0arity$03:bc
cljs$core$lookup_sentinel:oc
cljs$core$m3_fmix:qb
cljs$core$m3_hash_unencoded_chars:rb
cljs$core$m3_mix_H1:pb
cljs$core$m3_mix_K1:ob
cljs$core$map:X
cljs$core$map_QMARK_:jc
cljs$core$map_entry_QMARK_:Dd
cljs$core$meta:hc
cljs$core$missing_protocol:x
cljs$core$name:Fc
cljs$core$namespace:Dc
cljs$core$native_satisfies_QMARK_:w
cljs$core$never_equiv:yd
cljs$core$new_path:ed
cljs$core$next:P
cljs$core$next_STAR_:Qc
cljs$core$nth:Vb
cljs$core$nth$cljs$0core$0IFn$0_invoke$0arity$02:Ub
cljs$core$nth$cljs$0core$0IFn$0_invoke$0arity$03:W
cljs$core$pam_grow_seed_array:Nd
cljs$core$pam_new_size:Md
cljs$core$pr_opts:ha
cljs$core$pr_sequential_writer:ue
cljs$core$pr_str_STAR_:mb
cljs$core$pr_writer:Z
cljs$core$pr_writer_impl:Ae
cljs$core$prim_seq$cljs$0core$0IFn$0_invoke$0arity$02:Yb
cljs$core$print_map:Be
cljs$core$print_meta_QMARK_:ze
cljs$core$print_prefix_map:Ge
cljs$core$push_tail:fd
cljs$core$pv_fresh_node:cd
cljs$core$pv_reduce$cljs$0core$0IFn$0_invoke$0arity$04:kd
cljs$core$pv_reduce$cljs$0core$0IFn$0_invoke$0arity$05:ld
cljs$core$quot:zc
cljs$core$quote_string:ye
cljs$core$record_QMARK_:kc
cljs$core$reduce:tc
cljs$core$reduce$cljs$0core$0IFn$0_invoke$0arity$03:sc
cljs$core$reduce_kv:xc
cljs$core$reduced_QMARK_:Nb
cljs$core$rest:Eb
cljs$core$seq:K
cljs$core$seq_reduce$cljs$0core$0IFn$0_invoke$0arity$02:rc
cljs$core$seq_reduce$cljs$0core$0IFn$0_invoke$0arity$03:uc
cljs$core$sequential_QMARK_:ic
cljs$core$spread:Oc
cljs$core$str:z
cljs$core$string_hash_cache:sb
cljs$core$string_hash_cache_count:tb
cljs$core$strip_ns:Ee
cljs$core$symbol:Bb
cljs$core$t_cljs$0core15062:Zc
cljs$core$tail_off:dd
cljs$core$truth_:v
cljs$core$tv_editable_root:nd
cljs$core$tv_editable_tail:od
cljs$core$tv_ensure_editable:ud
cljs$core$tv_push_tail:vd
cljs$core$type__GT_str:pa
cljs$core$unchecked_array_for:gd
cljs$core$val:Rd
cljs$core$vals:Hd
cljs$core$vector_QMARK_:lc
cljs$core$with_meta:gc
cljs$core$write_all$cljs$0core$0IFn$0_invoke$0arity$0variadic:we
cljs$cst$0$flush_on_newline:ja
cljs$cst$1$readably:ka
cljs$cst$105$more_marker:ve
cljs$cst$106$alt_impl:Ce
cljs$cst$107$fallback_impl:De
cljs$cst$126$keyword_fn:Le
cljs$cst$2$meta:la
cljs$cst$3$dup:ma
cljs$cst$4$print_length:na
goog$UID_PROPERTY_:aa
goog$string$StringBuffer:ea
goog$typeOf:t
goog$uidCounter_:ba
module$contents$goog$object_getKeys:ca
